wp-content/plugins/front-end-upload/
wp-content/plugins/omni-secure-files/
/wp-content/plugins/rbxgallery/
/wp-content/plugins/wpstorecart/
all/wp-content/plugins/wp-easy-gallery/
wp-content/plugins/front-file-manager/
/wp-content/plugins/html5avmanager/
/wp-content/plugins/store-locator-le/
/wp-content/plugins/wp-property/
/wp-content/plugins/HT-Poi/
/plugins/HT-Poi/
/wp-content/plugins/nmedia-user-file-uploader/
/wp-content/plugins/foxypress/
/wp-content/plugins/comment-extra-field/
/wp-content/plugins/asset-manager/
/wp-content/plugins/wordpress-member-private-conversation/
/wp-content/plugins/gallery-plugin/
/wp-content/plugins/fcchat/
/wp-content/plugins/font-uploader/
/wp-content/plugins/mm-forms-community/
/wp-content/plugins/videowhisper-video-presentation/
/wp-content/plugins/hungred-post-thumbnail/
/wp-content/plugins/pdw-file-browser/
/wp-content/plugins/picturesurf-gallery/
/wp-content/plugins/allwebmenus-wordpress-menu-plugin/actions.php
plugins/sb-uploader
plugins/deans-fckeditor-with-pwwangs-code-plugin-for-wordpress/
wp-content/plugins/topquark/lib/js/fancyupload/showcase/batch/
wp-content/plugins/custom-content-type-manager/
wp-content/plugins/user-meta/framework/helper/
/styles/admin_tpl/
wp-content/plugins/pica-photo-gallery/
wp-content/plugins/drag-drop-file-uploader/
module_fichier/upload/upload_filemanager.php
/modules/fileManager/xupload.php
/wp-content/plugins/videowhisper-video-conference-integration/
/media/easyflashuploader/swfs/
/wp-content/plugins/auctionPlugin/
/modules/mod_jfancy/
/images/idoblog/upload
/components/com_dv/externals
/modules/mod_artuploader/
/wp-content/plugins/contus-hd-flv-player/
/wp-content/plugins/contus-video-galleryversion-10/
/administrator/components/com_simpleswfupload
/wp-content/plugins/annonces/admin/
/wp-content/plugins/evarisk/
/wp-content/plugins/invit0r/
/wp-content/plugins/zingiri-web-shop/
/components/com_maianmedia/
/modules/mod_dionefileuploader/
/components/com_hwdvideoshare
/wp-content/themes/deep-blue/
/wp-content/plugins/lim4wp/
/wp-content/themes/famous/
/wp-content/plugins/lb-mixed-slideshow/
